// Jest Snapshot v1, https://goo.gl/fbAQLP

exports[`TodoFilters should match snapshot 1`] = `
<div>
  <aside>
    TodoFilters
    <button>
      Trier par date de cr√©ation
    </button>
  </aside>
</div>
`;
